// Jest Snapshot v1, https://goo.gl/fbAQLP

exports[`resource created 1`] = `
Object {
  "Resources": Object {
    "kaleidobackendmaintest9352CC46": Object {
      "DeletionPolicy": "Retain",
      "Properties": Object {
        "AttributeDefinitions": Array [
          Object {
            "AttributeName": "PK",
            "AttributeType": "S",
          },
          Object {
            "AttributeName": "SK",
            "AttributeType": "S",
          },
          Object {
            "AttributeName": "Data",
            "AttributeType": "S",
          },
          Object {
            "AttributeName": "Number",
            "AttributeType": "N",
          },
        ],
        "BillingMode": "PAY_PER_REQUEST",
        "GlobalSecondaryIndexes": Array [
          Object {
            "IndexName": "GSI-1",
            "KeySchema": Array [
              Object {
                "AttributeName": "SK",
                "KeyType": "HASH",
              },
              Object {
                "AttributeName": "Data",
                "KeyType": "RANGE",
              },
            ],
            "Projection": Object {
              "ProjectionType": "ALL",
            },
          },
          Object {
            "IndexName": "GSI-2",
            "KeySchema": Array [
              Object {
                "AttributeName": "PK",
                "KeyType": "HASH",
              },
              Object {
                "AttributeName": "Number",
                "KeyType": "RANGE",
              },
            ],
            "Projection": Object {
              "ProjectionType": "ALL",
            },
          },
        ],
        "KeySchema": Array [
          Object {
            "AttributeName": "PK",
            "KeyType": "HASH",
          },
          Object {
            "AttributeName": "SK",
            "KeyType": "RANGE",
          },
        ],
        "PointInTimeRecoverySpecification": Object {
          "PointInTimeRecoveryEnabled": true,
        },
        "TableName": "kaleido-backend-main-test",
      },
      "Type": "AWS::DynamoDB::Table",
      "UpdateReplacePolicy": "Retain",
    },
  },
}
`;
